# activity log — auto-generated
2026-05-26 05:52:22 UTC | refactor: extract repeated block
2026-05-26 05:53:23 UTC | style: clean up formatting
2026-05-27 06:45:51 UTC | feat: extend log output format
2026-05-27 16:37:41 UTC | chore: routine maintenance
2026-05-27 16:38:34 UTC | feat: extend log output format
2026-05-28 17:07:09 UTC | feat: extend log output format
2026-05-28 17:08:01 UTC | fix: correct off-by-one error
2026-05-28 17:08:25 UTC | feat: add utility helper
2026-05-29 06:38:46 UTC | refactor: rename for clarity
2026-05-29 11:21:54 UTC | refactor: extract repeated block
2026-05-29 11:23:01 UTC | refactor: rename for clarity
2026-05-29 16:46:27 UTC | chore: clean up unused entries
2026-05-30 06:21:18 UTC | feat: add utility helper
2026-05-30 09:17:25 UTC | fix: patch broken validation logic
2026-05-30 09:18:12 UTC | feat: add input sanitization
2026-05-31 06:14:49 UTC | chore: clean up unused entries
2026-05-31 06:15:26 UTC | docs: add usage example
2026-05-31 10:05:36 UTC | feat: add utility helper
2026-06-01 06:56:59 UTC | style: fix indentation
2026-06-01 06:57:53 UTC | fix: handle null values properly
2026-06-01 12:38:25 UTC | fix: resolve edge case in data processing
2026-06-01 12:38:45 UTC | chore: clean up unused entries
2026-06-01 18:42:51 UTC | chore: update dependencies
2026-06-01 18:43:19 UTC | style: fix indentation
2026-06-02 06:42:47 UTC | refactor: rename for clarity
2026-06-02 06:43:48 UTC | docs: update notes
2026-06-02 11:54:54 UTC | docs: update notes
2026-06-02 11:55:48 UTC | docs: update notes
2026-06-02 17:26:45 UTC | feat: improve error handling
2026-06-02 17:27:11 UTC | chore: update dependencies
2026-06-02 17:27:41 UTC | fix: correct off-by-one error
2026-06-03 11:57:08 UTC | refactor: extract repeated block
2026-06-03 18:04:02 UTC | refactor: extract repeated block
2026-06-03 18:04:12 UTC | style: clean up formatting
2026-06-03 18:05:14 UTC | feat: extend log output format
2026-06-04 07:04:40 UTC | fix(utils): patch broken validation
2026-06-04 07:07:53 UTC | chore(router): clean up unused code
2026-06-04 09:07:16 UTC | style(handler): fix indentation issues
2026-06-04 10:28:28 UTC | docs(api): add param descriptions
2026-06-04 11:51:22 UTC | perf(validator): reduce memory usage
2026-06-04 13:17:10 UTC | fix(cache): handle null values
2026-06-04 13:18:09 UTC | minor fix
2026-06-04 21:50:01 UTC | tidy up
2026-06-05 04:25:02 UTC | patch
2026-06-05 06:50:59 UTC | refactor(validator): update interface contract
2026-06-05 06:52:52 UTC | minor tweaks
2026-06-05 08:26:02 UTC | clean up
2026-06-05 08:27:41 UTC | refactor(api): update interface contract
2026-06-05 08:28:34 UTC | docs(api): add param descriptions
2026-06-05 10:23:38 UTC | chore(router): update default values
2026-06-05 10:28:46 UTC | docs(parser): add usage example
2026-06-05 11:35:12 UTC | fix(logger): add missing guard clause
2026-06-05 14:41:08 UTC | chore(handler): update default values
2026-06-05 14:41:38 UTC | fixes
2026-06-05 14:42:15 UTC | test(auth): improve test coverage
2026-06-05 14:42:43 UTC | docs(logger): add param descriptions
2026-06-05 14:44:14 UTC | patch
2026-06-05 18:06:27 UTC | docs(parser): update documentation
2026-06-05 18:10:15 UTC | test(utils): add edge case tests
2026-06-05 19:52:20 UTC | style(auth): improve readability
2026-06-05 19:53:28 UTC | docs(handler): clarify function purpose
2026-06-05 19:56:45 UTC | docs(utils): update inline notes
2026-06-05 23:24:08 UTC | style(cache): fix indentation issues
2026-06-06 15:20:28 UTC | tweaks
2026-06-06 19:15:32 UTC | test(handler): fix flaky test
2026-06-06 21:19:53 UTC | style(db): normalize spacing
2026-06-07 10:45:09 UTC | chore(logger): update dependencies
2026-06-08 06:51:25 UTC | perf(validator): lazy load module
2026-06-08 11:18:31 UTC | tweaks
2026-06-08 11:19:54 UTC | test(auth): update test fixtures
2026-06-08 13:05:36 UTC | feat(router): add type annotations
2026-06-08 13:07:05 UTC | test(validator): add edge case tests
2026-06-08 17:36:09 UTC | chore(api): update dependencies
2026-06-08 17:36:50 UTC | update notes
2026-06-08 22:32:42 UTC | minor tweaks
2026-06-08 23:24:14 UTC | fix(cache): add missing guard clause
2026-06-09 06:38:39 UTC | update config
2026-06-09 09:51:02 UTC | minor update
2026-06-09 09:51:19 UTC | update notes
2026-06-09 09:54:06 UTC | update notes
2026-06-09 13:11:30 UTC | test(router): improve test coverage
2026-06-10 06:21:58 UTC | fix typo
2026-06-10 06:24:10 UTC | updates
2026-06-10 10:38:10 UTC | update notes
2026-06-10 10:40:52 UTC | updates
2026-06-10 23:33:51 UTC | small fix
2026-06-11 04:14:50 UTC | perf(cache): reduce memory usage
2026-06-11 04:16:06 UTC | tweaks
2026-06-11 08:51:56 UTC | chore(router): update default values
2026-06-11 22:17:05 UTC | patch
2026-06-11 22:17:21 UTC | style(handler): clean up formatting
2026-06-11 23:19:15 UTC | feat(logger): add new endpoint
2026-06-12 04:33:14 UTC | small fix
2026-06-12 05:27:10 UTC | refactor(config): simplify conditional logic
2026-06-12 06:58:30 UTC | fix(handler): fix broken flow
2026-06-12 08:52:38 UTC | fixes
